<?xml version="1.0" encoding="utf-8"?>
<?AutomationStudio Version="4.9.2.46"?>
<Objects>
  <Object
    Path="C:\Users\ngrav\Documents\GitHub\SN2_SFL4Manitou_23\Nelson GRAVEAU\ManitouIHM_AS111\Logical\Package.pkg"
    LogicalPath=""
    Type="Package.ParentUnknown"
    LastWriteTime="133301797723183733" />
  <Object
    Path="C:\Users\ngrav\Documents\GitHub\SN2_SFL4Manitou_23\Nelson GRAVEAU\ManitouIHM_AS111\Logical\Global.typ"
    LogicalPath="Global.typ"
    Type="File"
    LastWriteTime="133301862867412821"
    Private="false" />
  <Object
    Path="C:\Users\ngrav\Documents\GitHub\SN2_SFL4Manitou_23\Nelson GRAVEAU\ManitouIHM_AS111\Logical\Global.var"
    LogicalPath="Global.var"
    Type="File"
    LastWriteTime="133301052400000000"
    Private="false" />
  <Object
    Path="C:\Users\ngrav\Documents\GitHub\SN2_SFL4Manitou_23\Nelson GRAVEAU\ManitouIHM_AS111\Logical\Visu\Vc.dob"
    LogicalPath="Visu"
    Type="DataObject"
    LastWriteTime="133226700300000000" />
  <Object
    Path="C:\Users\ngrav\Documents\GitHub\SN2_SFL4Manitou_23\Nelson GRAVEAU\ManitouIHM_AS111\Logical\Visu\VCObject.vc"
    LogicalPath="Visu.VCObject.vc"
    Type="File"
    LastWriteTime="133226700300000000"
    Private="false" />
  <Object
    Path="C:\Users\ngrav\Documents\GitHub\SN2_SFL4Manitou_23\Nelson GRAVEAU\ManitouIHM_AS111\Logical\TrameRecu\IEC.prg"
    LogicalPath="TrameRecu"
    Type="Program"
    LastWriteTime="133282725620000000" />
  <Object
    Path="C:\Users\ngrav\Documents\GitHub\SN2_SFL4Manitou_23\Nelson GRAVEAU\ManitouIHM_AS111\Logical\TrameRecu\Main.st"
    LogicalPath="TrameRecu.Main.st"
    Type="File"
    LastWriteTime="133301862598071821"
    Private="false" />
  <Object
    Path="C:\Users\ngrav\Documents\GitHub\SN2_SFL4Manitou_23\Nelson GRAVEAU\ManitouIHM_AS111\Logical\TrameRecu\Types.typ"
    LogicalPath="TrameRecu.Types.typ"
    Type="File"
    LastWriteTime="133255429320000000"
    Private="true" />
  <Object
    Path="C:\Users\ngrav\Documents\GitHub\SN2_SFL4Manitou_23\Nelson GRAVEAU\ManitouIHM_AS111\Logical\TrameRecu\Variables.var"
    LogicalPath="TrameRecu.Variables.var"
    Type="File"
    LastWriteTime="133301861551099180"
    Private="true" />
  <Object
    Path="C:\Users\ngrav\Documents\GitHub\SN2_SFL4Manitou_23\Nelson GRAVEAU\ManitouIHM_AS111\Logical\Simulation\IEC.prg"
    LogicalPath="Simulation"
    Type="Program"
    LastWriteTime="133257660180000000" />
  <Object
    Path="C:\Users\ngrav\Documents\GitHub\SN2_SFL4Manitou_23\Nelson GRAVEAU\ManitouIHM_AS111\Logical\Simulation\Main.st"
    LogicalPath="Simulation.Main.st"
    Type="File"
    LastWriteTime="133257665540000000"
    Private="false" />
  <Object
    Path="C:\Users\ngrav\Documents\GitHub\SN2_SFL4Manitou_23\Nelson GRAVEAU\ManitouIHM_AS111\Logical\Simulation\Types.typ"
    LogicalPath="Simulation.Types.typ"
    Type="File"
    LastWriteTime="133257660180000000"
    Private="true" />
  <Object
    Path="C:\Users\ngrav\Documents\GitHub\SN2_SFL4Manitou_23\Nelson GRAVEAU\ManitouIHM_AS111\Logical\Simulation\Variables.var"
    LogicalPath="Simulation.Variables.var"
    Type="File"
    LastWriteTime="133257660980000000"
    Private="true" />
  <Object
    Path="C:\Users\ngrav\Documents\GitHub\SN2_SFL4Manitou_23\Nelson GRAVEAU\ManitouIHM_AS111\Logical\Libraries\Package.pkg"
    LogicalPath="Libraries"
    Type="Package"
    LastWriteTime="133301797720693964" />
  <Object
    Path="C:\Users\ngrav\Documents\GitHub\SN2_SFL4Manitou_23\Nelson GRAVEAU\ManitouIHM_AS111\Logical\Libraries\CAN_Lib\binary.lby"
    LogicalPath="Libraries.CAN_Lib"
    Type="Library"
    LastWriteTime="133301797720664046" />
  <Object
    Path="C:\Users\ngrav\Documents\GitHub\SN2_SFL4Manitou_23\Nelson GRAVEAU\ManitouIHM_AS111\Logical\Libraries\CAN_Lib\CAN_Lib.fun"
    LogicalPath="Libraries.CAN_Lib.CAN_Lib.fun"
    Type="File"
    LastWriteTime="133301797720654019"
    Private="false" />
  <Object
    Path="C:\Users\ngrav\Documents\GitHub\SN2_SFL4Manitou_23\Nelson GRAVEAU\ManitouIHM_AS111\Logical\Libraries\CAN_Lib\CAN_Lib.typ"
    LogicalPath="Libraries.CAN_Lib.CAN_Lib.typ"
    Type="File"
    LastWriteTime="133301797720654019"
    Private="false" />
  <Object
    Path="C:\Users\ngrav\Documents\GitHub\SN2_SFL4Manitou_23\Nelson GRAVEAU\ManitouIHM_AS111\Logical\Libraries\CAN_Lib\CAN_Lib.var"
    LogicalPath="Libraries.CAN_Lib.CAN_Lib.var"
    Type="File"
    LastWriteTime="133301797720664046"
    Private="false" />
  <Object
    Path="C:\Users\ngrav\Documents\GitHub\SN2_SFL4Manitou_23\Nelson GRAVEAU\ManitouIHM_AS111\Logical\SamplesCAN_Lib\Package.pkg"
    LogicalPath="SamplesCAN_Lib"
    Type="Package"
    LastWriteTime="133301797723183733" />
  <Object
    Path="C:\Users\ngrav\Documents\GitHub\SN2_SFL4Manitou_23\Nelson GRAVEAU\ManitouIHM_AS111\Logical\SamplesCAN_Lib\LibCAN_Lib1_ST\Package.pkg"
    LogicalPath="SamplesCAN_Lib.LibCAN_Lib1_ST"
    Type="Package"
    LastWriteTime="133301797723173757" />
  <Object
    Path="C:\Users\ngrav\Documents\GitHub\SN2_SFL4Manitou_23\Nelson GRAVEAU\ManitouIHM_AS111\Logical\SamplesCAN_Lib\LibCAN_Lib1_ST\CanQueue\IEC.prg"
    LogicalPath="SamplesCAN_Lib.LibCAN_Lib1_ST.CanQueue"
    Type="Program"
    LastWriteTime="133301797723173757" />
  <Object
    Path="C:\Users\ngrav\Documents\GitHub\SN2_SFL4Manitou_23\Nelson GRAVEAU\ManitouIHM_AS111\Logical\SamplesCAN_Lib\LibCAN_Lib1_ST\CanQueue\CanQueue.st"
    LogicalPath="SamplesCAN_Lib.LibCAN_Lib1_ST.CanQueue.CanQueue.st"
    Type="File"
    LastWriteTime="133301797723153794"
    Private="false" />
  <Object
    Path="C:\Users\ngrav\Documents\GitHub\SN2_SFL4Manitou_23\Nelson GRAVEAU\ManitouIHM_AS111\Logical\SamplesCAN_Lib\LibCAN_Lib1_ST\CanQueue\CanQueue.typ"
    LogicalPath="SamplesCAN_Lib.LibCAN_Lib1_ST.CanQueue.CanQueue.typ"
    Type="File"
    LastWriteTime="133301855388435385"
    Private="true" />
  <Object
    Path="C:\Users\ngrav\Documents\GitHub\SN2_SFL4Manitou_23\Nelson GRAVEAU\ManitouIHM_AS111\Logical\SamplesCAN_Lib\LibCAN_Lib1_ST\CanQueue\CanQueue.var"
    LogicalPath="SamplesCAN_Lib.LibCAN_Lib1_ST.CanQueue.CanQueue.var"
    Type="File"
    LastWriteTime="133301797723173757"
    Private="true" />
  <Object
    Path="C:\Users\ngrav\Documents\GitHub\SN2_SFL4Manitou_23\Nelson GRAVEAU\ManitouIHM_AS111\Physical\Config1\Config.pkg"
    LogicalPath="Config1"
    Type="Configuration.ParentUnknown"
    LastWriteTime="133255425660000000" />
  <Object
    Path="C:\Users\ngrav\Documents\GitHub\SN2_SFL4Manitou_23\Nelson GRAVEAU\ManitouIHM_AS111\Physical\Config1\Hardware.hw"
    LogicalPath="Config1.Hardware.hw"
    Type="File"
    LastWriteTime="133294994300000000"
    Private="false" />
  <Object
    Path="C:\Users\ngrav\Documents\GitHub\SN2_SFL4Manitou_23\Nelson GRAVEAU\ManitouIHM_AS111\Physical\Config1\Hardware.hwl"
    LogicalPath="Config1.Hardware.hwl"
    Type="File"
    LastWriteTime="133299965580000000"
    Private="false" />
  <Object
    Path="C:\Users\ngrav\Documents\GitHub\SN2_SFL4Manitou_23\Nelson GRAVEAU\ManitouIHM_AS111\Physical\Config1\4PP045_0571_062\Cpu.pkg"
    LogicalPath="Config1.4PP045_0571_062"
    Type="Cpu"
    LastWriteTime="133255425640000000" />
  <Object
    Path="C:\Users\ngrav\Documents\GitHub\SN2_SFL4Manitou_23\Nelson GRAVEAU\ManitouIHM_AS111\Physical\Config1\4PP045_0571_062\Cpu.sw"
    LogicalPath="Config1.4PP045_0571_062.Cpu.sw"
    Type="File"
    LastWriteTime="133301835379515289"
    Private="false" />
  <Object
    Path="C:\Users\ngrav\Documents\GitHub\SN2_SFL4Manitou_23\Nelson GRAVEAU\ManitouIHM_AS111\Physical\Config1\4PP045_0571_062\Cpu.per"
    LogicalPath="Config1.4PP045_0571_062.Cpu.per"
    Type="File"
    LastWriteTime="133255425640000000"
    Private="false" />
  <Object
    Path="C:\Users\ngrav\Documents\GitHub\SN2_SFL4Manitou_23\Nelson GRAVEAU\ManitouIHM_AS111\Physical\Config1\4PP045_0571_062\IoMap.iom"
    LogicalPath="Config1.4PP045_0571_062.IoMap.iom"
    Type="File"
    LastWriteTime="133255425640000000"
    Private="false" />
  <Object
    Path="C:\Users\ngrav\Documents\GitHub\SN2_SFL4Manitou_23\Nelson GRAVEAU\ManitouIHM_AS111\Physical\Config1\4PP045_0571_062\PvMap.vvm"
    LogicalPath="Config1.4PP045_0571_062.PvMap.vvm"
    Type="File"
    LastWriteTime="133255425640000000"
    Private="false" />
  <Object
    Path="C:\Users\ngrav\Documents\GitHub\SN2_SFL4Manitou_23\Nelson GRAVEAU\ManitouIHM_AS111\Physical\Config1\4PP045_0571_062\VC\Package.pkg"
    LogicalPath="Config1.4PP045_0571_062.VC"
    Type="Package"
    LastWriteTime="133255425640000000" />
  <Object
    Path="C:\Users\ngrav\Documents\GitHub\SN2_SFL4Manitou_23\Nelson GRAVEAU\ManitouIHM_AS111\Physical\Config1\4PP045_0571_062\VC\4PP045_0571_062.dis"
    LogicalPath="Config1.4PP045_0571_062.VC.4PP045_0571_062.dis"
    Type="File"
    LastWriteTime="133255425640000000"
    Private="false" />
  <Object
    Path="C:\Users\ngrav\Documents\GitHub\SN2_SFL4Manitou_23\Nelson GRAVEAU\ManitouIHM_AS111\Physical\Config1\Hardware.jpg"
    LogicalPath="Config1.Hardware.jpg"
    Type="File"
    LastWriteTime="133299965580000000"
    Private="false" />
</Objects>