E:\Gros projet\ManitouIHM_AS111\Logical\Global.typ
E:\Gros projet\ManitouIHM_AS111\Logical\Global.var
E:\Gros projet\ManitouIHM_AS111\Logical\Libraries\operator\operator.fun
E:\Gros projet\ManitouIHM_AS111\Logical\Libraries\operator\operator.typ
E:\Gros projet\ManitouIHM_AS111\Logical\Libraries\operator\operator.var
E:\Gros projet\ManitouIHM_AS111\Logical\Libraries\runtime\runtime.fun
E:\Gros projet\ManitouIHM_AS111\Logical\Libraries\runtime\runtime.typ
E:\Gros projet\ManitouIHM_AS111\Logical\Libraries\runtime\runtime.var
E:\Gros projet\ManitouIHM_AS111\Logical\Libraries\astime\astime.fun
E:\Gros projet\ManitouIHM_AS111\Logical\Libraries\astime\astime.typ
E:\Gros projet\ManitouIHM_AS111\Logical\Libraries\astime\astime.var
E:\Gros projet\ManitouIHM_AS111\Logical\Libraries\AsIecCon\AsIecCon.fun
E:\Gros projet\ManitouIHM_AS111\Logical\Libraries\AsIecCon\AsIecCon.typ
E:\Gros projet\ManitouIHM_AS111\Logical\Libraries\AsIecCon\AsIecCon.var
E:\Gros projet\ManitouIHM_AS111\Logical\Libraries\CAN_Lib\CAN_Lib.fun
E:\Gros projet\ManitouIHM_AS111\Logical\Libraries\CAN_Lib\CAN_Lib.typ
E:\Gros projet\ManitouIHM_AS111\Logical\Libraries\CAN_Lib\CAN_Lib.var
