C:\Users\loup.sonneville\Documents\Github\SN2_SFL4Manitou_23\Loup SONNEVILLE\automation studio\SFL4_Manitou_230503\Temp\Includes\AS_TempDecl\Config1\GlobalComponents\MpComponents.var
C:\Users\loup.sonneville\Documents\Github\SN2_SFL4Manitou_23\Loup SONNEVILLE\automation studio\SFL4_Manitou_230503\Logical\Global.typ
C:\Users\loup.sonneville\Documents\Github\SN2_SFL4Manitou_23\Loup SONNEVILLE\automation studio\SFL4_Manitou_230503\Logical\Global.var
C:\Users\loup.sonneville\Documents\Github\SN2_SFL4Manitou_23\Loup SONNEVILLE\automation studio\SFL4_Manitou_230503\Logical\Libraries\operator\operator.fun
C:\Users\loup.sonneville\Documents\Github\SN2_SFL4Manitou_23\Loup SONNEVILLE\automation studio\SFL4_Manitou_230503\Logical\Libraries\operator\operator.typ
C:\Users\loup.sonneville\Documents\Github\SN2_SFL4Manitou_23\Loup SONNEVILLE\automation studio\SFL4_Manitou_230503\Logical\Libraries\operator\operator.var
C:\Users\loup.sonneville\Documents\Github\SN2_SFL4Manitou_23\Loup SONNEVILLE\automation studio\SFL4_Manitou_230503\Logical\Libraries\runtime\runtime.fun
C:\Users\loup.sonneville\Documents\Github\SN2_SFL4Manitou_23\Loup SONNEVILLE\automation studio\SFL4_Manitou_230503\Logical\Libraries\runtime\runtime.typ
C:\Users\loup.sonneville\Documents\Github\SN2_SFL4Manitou_23\Loup SONNEVILLE\automation studio\SFL4_Manitou_230503\Logical\Libraries\runtime\runtime.var
C:\Users\loup.sonneville\Documents\Github\SN2_SFL4Manitou_23\Loup SONNEVILLE\automation studio\SFL4_Manitou_230503\Logical\Libraries\astime\astime.fun
C:\Users\loup.sonneville\Documents\Github\SN2_SFL4Manitou_23\Loup SONNEVILLE\automation studio\SFL4_Manitou_230503\Logical\Libraries\astime\astime.typ
C:\Users\loup.sonneville\Documents\Github\SN2_SFL4Manitou_23\Loup SONNEVILLE\automation studio\SFL4_Manitou_230503\Logical\Libraries\astime\astime.var
C:\Users\loup.sonneville\Documents\Github\SN2_SFL4Manitou_23\Loup SONNEVILLE\automation studio\SFL4_Manitou_230503\Logical\Libraries\AsIecCon\AsIecCon.fun
C:\Users\loup.sonneville\Documents\Github\SN2_SFL4Manitou_23\Loup SONNEVILLE\automation studio\SFL4_Manitou_230503\Logical\Libraries\AsIecCon\AsIecCon.typ
C:\Users\loup.sonneville\Documents\Github\SN2_SFL4Manitou_23\Loup SONNEVILLE\automation studio\SFL4_Manitou_230503\Logical\Libraries\AsIecCon\AsIecCon.var
C:\Users\loup.sonneville\Documents\Github\SN2_SFL4Manitou_23\Loup SONNEVILLE\automation studio\SFL4_Manitou_230503\Logical\Libraries\MpDatabase\MpDatabase.typ
C:\Users\loup.sonneville\Documents\Github\SN2_SFL4Manitou_23\Loup SONNEVILLE\automation studio\SFL4_Manitou_230503\Logical\Libraries\MpDatabase\MpDatabaseError.typ
C:\Users\loup.sonneville\Documents\Github\SN2_SFL4Manitou_23\Loup SONNEVILLE\automation studio\SFL4_Manitou_230503\Logical\Libraries\MpDatabase\MpDatabase.fun
C:\Users\loup.sonneville\Documents\Github\SN2_SFL4Manitou_23\Loup SONNEVILLE\automation studio\SFL4_Manitou_230503\Logical\Libraries\MpBase\MpBase.typ
C:\Users\loup.sonneville\Documents\Github\SN2_SFL4Manitou_23\Loup SONNEVILLE\automation studio\SFL4_Manitou_230503\Logical\Libraries\MpBase\MpBase.var
C:\Users\loup.sonneville\Documents\Github\SN2_SFL4Manitou_23\Loup SONNEVILLE\automation studio\SFL4_Manitou_230503\Logical\Libraries\MpBase\MpBase.fun
C:\Users\loup.sonneville\Documents\Github\SN2_SFL4Manitou_23\Loup SONNEVILLE\automation studio\SFL4_Manitou_230503\Logical\Libraries\AsHttp\AsHttp.fun
C:\Users\loup.sonneville\Documents\Github\SN2_SFL4Manitou_23\Loup SONNEVILLE\automation studio\SFL4_Manitou_230503\Logical\Libraries\AsHttp\AsHttp.typ
C:\Users\loup.sonneville\Documents\Github\SN2_SFL4Manitou_23\Loup SONNEVILLE\automation studio\SFL4_Manitou_230503\Logical\Libraries\AsHttp\AsHttp.var
