<?xml version="1.0" encoding="utf-8"?>
<?AutomationStudio Version="4.9.2.46"?>
<Objects>
  <Object
    Path="C:\Users\loup.sonneville\Documents\Github\SN2_SFL4Manitou_23\Loup SONNEVILLE\automation studio\SFL4_Manitou_230503\Logical\Package.pkg"
    LogicalPath=""
    Type="Package.ParentUnknown"
    LastWriteTime="133292356440697955" />
  <Object
    Path="C:\Users\loup.sonneville\Documents\Github\SN2_SFL4Manitou_23\Loup SONNEVILLE\automation studio\SFL4_Manitou_230503\Temp\Includes\AS_TempDecl\Config1\GlobalComponents\MpComponents.var"
    LogicalPath="MpComponents.var"
    Type="File"
    LastWriteTime="133295592328695453"
    Private="false" />
  <Object
    Path="C:\Users\loup.sonneville\Documents\Github\SN2_SFL4Manitou_23\Loup SONNEVILLE\automation studio\SFL4_Manitou_230503\Logical\Global.typ"
    LogicalPath="Global.typ"
    Type="File"
    LastWriteTime="133275893938584009"
    Private="false" />
  <Object
    Path="C:\Users\loup.sonneville\Documents\Github\SN2_SFL4Manitou_23\Loup SONNEVILLE\automation studio\SFL4_Manitou_230503\Logical\Global.var"
    LogicalPath="Global.var"
    Type="File"
    LastWriteTime="133275893938961541"
    Private="false" />
  <Object
    Path="C:\Users\loup.sonneville\Documents\Github\SN2_SFL4Manitou_23\Loup SONNEVILLE\automation studio\SFL4_Manitou_230503\Logical\Libraries\Package.pkg"
    LogicalPath="Libraries"
    Type="Package"
    LastWriteTime="133292355398140278" />
  <Object
    Path="C:\Users\loup.sonneville\Documents\Github\SN2_SFL4Manitou_23\Loup SONNEVILLE\automation studio\SFL4_Manitou_230503\Logical\Libraries\operator\binary.lby"
    LogicalPath="Libraries.operator"
    Type="Library"
    LastWriteTime="133275893965806340" />
  <Object
    Path="C:\Users\loup.sonneville\Documents\Github\SN2_SFL4Manitou_23\Loup SONNEVILLE\automation studio\SFL4_Manitou_230503\Logical\Libraries\operator\operator.fun"
    LogicalPath="Libraries.operator.operator.fun"
    Type="File"
    LastWriteTime="133275893965650119"
    Private="false" />
  <Object
    Path="C:\Users\loup.sonneville\Documents\Github\SN2_SFL4Manitou_23\Loup SONNEVILLE\automation studio\SFL4_Manitou_230503\Logical\Libraries\operator\operator.typ"
    LogicalPath="Libraries.operator.operator.typ"
    Type="File"
    LastWriteTime="133275893965806340"
    Private="false" />
  <Object
    Path="C:\Users\loup.sonneville\Documents\Github\SN2_SFL4Manitou_23\Loup SONNEVILLE\automation studio\SFL4_Manitou_230503\Logical\Libraries\operator\operator.var"
    LogicalPath="Libraries.operator.operator.var"
    Type="File"
    LastWriteTime="133275893965806340"
    Private="false" />
  <Object
    Path="C:\Users\loup.sonneville\Documents\Github\SN2_SFL4Manitou_23\Loup SONNEVILLE\automation studio\SFL4_Manitou_230503\Logical\Libraries\runtime\binary.lby"
    LogicalPath="Libraries.runtime"
    Type="Library"
    LastWriteTime="133275893975051501" />
  <Object
    Path="C:\Users\loup.sonneville\Documents\Github\SN2_SFL4Manitou_23\Loup SONNEVILLE\automation studio\SFL4_Manitou_230503\Logical\Libraries\runtime\runtime.fun"
    LogicalPath="Libraries.runtime.runtime.fun"
    Type="File"
    LastWriteTime="133275893974673951"
    Private="false" />
  <Object
    Path="C:\Users\loup.sonneville\Documents\Github\SN2_SFL4Manitou_23\Loup SONNEVILLE\automation studio\SFL4_Manitou_230503\Logical\Libraries\runtime\runtime.typ"
    LogicalPath="Libraries.runtime.runtime.typ"
    Type="File"
    LastWriteTime="133275893974830237"
    Private="false" />
  <Object
    Path="C:\Users\loup.sonneville\Documents\Github\SN2_SFL4Manitou_23\Loup SONNEVILLE\automation studio\SFL4_Manitou_230503\Logical\Libraries\runtime\runtime.var"
    LogicalPath="Libraries.runtime.runtime.var"
    Type="File"
    LastWriteTime="133275893975051501"
    Private="false" />
  <Object
    Path="C:\Users\loup.sonneville\Documents\Github\SN2_SFL4Manitou_23\Loup SONNEVILLE\automation studio\SFL4_Manitou_230503\Logical\Libraries\astime\binary.lby"
    LogicalPath="Libraries.astime"
    Type="Library"
    LastWriteTime="133275893984231098" />
  <Object
    Path="C:\Users\loup.sonneville\Documents\Github\SN2_SFL4Manitou_23\Loup SONNEVILLE\automation studio\SFL4_Manitou_230503\Logical\Libraries\astime\astime.fun"
    LogicalPath="Libraries.astime.astime.fun"
    Type="File"
    LastWriteTime="133275893983853466"
    Private="false" />
  <Object
    Path="C:\Users\loup.sonneville\Documents\Github\SN2_SFL4Manitou_23\Loup SONNEVILLE\automation studio\SFL4_Manitou_230503\Logical\Libraries\astime\astime.typ"
    LogicalPath="Libraries.astime.astime.typ"
    Type="File"
    LastWriteTime="133275893984074796"
    Private="false" />
  <Object
    Path="C:\Users\loup.sonneville\Documents\Github\SN2_SFL4Manitou_23\Loup SONNEVILLE\automation studio\SFL4_Manitou_230503\Logical\Libraries\astime\astime.var"
    LogicalPath="Libraries.astime.astime.var"
    Type="File"
    LastWriteTime="133275893984231098"
    Private="false" />
  <Object
    Path="C:\Users\loup.sonneville\Documents\Github\SN2_SFL4Manitou_23\Loup SONNEVILLE\automation studio\SFL4_Manitou_230503\Logical\Libraries\AsIecCon\binary.lby"
    LogicalPath="Libraries.AsIecCon"
    Type="Library"
    LastWriteTime="133275893993410689" />
  <Object
    Path="C:\Users\loup.sonneville\Documents\Github\SN2_SFL4Manitou_23\Loup SONNEVILLE\automation studio\SFL4_Manitou_230503\Logical\Libraries\AsIecCon\AsIecCon.fun"
    LogicalPath="Libraries.AsIecCon.AsIecCon.fun"
    Type="File"
    LastWriteTime="133275893993098161"
    Private="false" />
  <Object
    Path="C:\Users\loup.sonneville\Documents\Github\SN2_SFL4Manitou_23\Loup SONNEVILLE\automation studio\SFL4_Manitou_230503\Logical\Libraries\AsIecCon\AsIecCon.typ"
    LogicalPath="Libraries.AsIecCon.AsIecCon.typ"
    Type="File"
    LastWriteTime="133275893993254442"
    Private="false" />
  <Object
    Path="C:\Users\loup.sonneville\Documents\Github\SN2_SFL4Manitou_23\Loup SONNEVILLE\automation studio\SFL4_Manitou_230503\Logical\Libraries\AsIecCon\AsIecCon.var"
    LogicalPath="Libraries.AsIecCon.AsIecCon.var"
    Type="File"
    LastWriteTime="133275893993410689"
    Private="false" />
  <Object
    Path="C:\Users\loup.sonneville\Documents\Github\SN2_SFL4Manitou_23\Loup SONNEVILLE\automation studio\SFL4_Manitou_230503\Logical\Libraries\MpDatabase\Binary.lby"
    LogicalPath="Libraries.MpDatabase"
    Type="Library"
    LastWriteTime="133275896679079371" />
  <Object
    Path="C:\Users\loup.sonneville\Documents\Github\SN2_SFL4Manitou_23\Loup SONNEVILLE\automation studio\SFL4_Manitou_230503\Logical\Libraries\MpDatabase\MpDatabase.typ"
    LogicalPath="Libraries.MpDatabase.MpDatabase.typ"
    Type="File"
    LastWriteTime="133275896678766881"
    Private="false" />
  <Object
    Path="C:\Users\loup.sonneville\Documents\Github\SN2_SFL4Manitou_23\Loup SONNEVILLE\automation studio\SFL4_Manitou_230503\Logical\Libraries\MpDatabase\MpDatabaseError.typ"
    LogicalPath="Libraries.MpDatabase.MpDatabaseError.typ"
    Type="File"
    LastWriteTime="133275896678923145"
    Private="false" />
  <Object
    Path="C:\Users\loup.sonneville\Documents\Github\SN2_SFL4Manitou_23\Loup SONNEVILLE\automation studio\SFL4_Manitou_230503\Logical\Libraries\MpDatabase\MpDatabase.fun"
    LogicalPath="Libraries.MpDatabase.MpDatabase.fun"
    Type="File"
    LastWriteTime="133275896678923145"
    Private="false" />
  <Object
    Path="C:\Users\loup.sonneville\Documents\Github\SN2_SFL4Manitou_23\Loup SONNEVILLE\automation studio\SFL4_Manitou_230503\Logical\Libraries\MpBase\Binary.lby"
    LogicalPath="Libraries.MpBase"
    Type="Library"
    LastWriteTime="133275896680016849" />
  <Object
    Path="C:\Users\loup.sonneville\Documents\Github\SN2_SFL4Manitou_23\Loup SONNEVILLE\automation studio\SFL4_Manitou_230503\Logical\Libraries\MpBase\MpBase.typ"
    LogicalPath="Libraries.MpBase.MpBase.typ"
    Type="File"
    LastWriteTime="133275896679704356"
    Private="false" />
  <Object
    Path="C:\Users\loup.sonneville\Documents\Github\SN2_SFL4Manitou_23\Loup SONNEVILLE\automation studio\SFL4_Manitou_230503\Logical\Libraries\MpBase\MpBase.var"
    LogicalPath="Libraries.MpBase.MpBase.var"
    Type="File"
    LastWriteTime="133275896679860610"
    Private="false" />
  <Object
    Path="C:\Users\loup.sonneville\Documents\Github\SN2_SFL4Manitou_23\Loup SONNEVILLE\automation studio\SFL4_Manitou_230503\Logical\Libraries\MpBase\MpBase.fun"
    LogicalPath="Libraries.MpBase.MpBase.fun"
    Type="File"
    LastWriteTime="133275896679860610"
    Private="false" />
  <Object
    Path="C:\Users\loup.sonneville\Documents\Github\SN2_SFL4Manitou_23\Loup SONNEVILLE\automation studio\SFL4_Manitou_230503\Logical\Libraries\MpBase\Common_EventLog.tmx"
    LogicalPath="Libraries.MpBase.Common_EventLog.tmx"
    Type="File"
    LastWriteTime="133275896680016849"
    Private="false" />
  <Object
    Path="C:\Users\loup.sonneville\Documents\Github\SN2_SFL4Manitou_23\Loup SONNEVILLE\automation studio\SFL4_Manitou_230503\Logical\Libraries\AsHttp\binary.lby"
    LogicalPath="Libraries.AsHttp"
    Type="Library"
    LastWriteTime="133275896681579294" />
  <Object
    Path="C:\Users\loup.sonneville\Documents\Github\SN2_SFL4Manitou_23\Loup SONNEVILLE\automation studio\SFL4_Manitou_230503\Logical\Libraries\AsHttp\AsHttp.fun"
    LogicalPath="Libraries.AsHttp.AsHttp.fun"
    Type="File"
    LastWriteTime="133275896680954311"
    Private="false" />
  <Object
    Path="C:\Users\loup.sonneville\Documents\Github\SN2_SFL4Manitou_23\Loup SONNEVILLE\automation studio\SFL4_Manitou_230503\Logical\Libraries\AsHttp\AsHttp.typ"
    LogicalPath="Libraries.AsHttp.AsHttp.typ"
    Type="File"
    LastWriteTime="133275896681423043"
    Private="false" />
  <Object
    Path="C:\Users\loup.sonneville\Documents\Github\SN2_SFL4Manitou_23\Loup SONNEVILLE\automation studio\SFL4_Manitou_230503\Logical\Libraries\AsHttp\AsHttp.var"
    LogicalPath="Libraries.AsHttp.AsHttp.var"
    Type="File"
    LastWriteTime="133275896681579294"
    Private="false" />
  <Object
    Path="C:\Users\loup.sonneville\Documents\Github\SN2_SFL4Manitou_23\Loup SONNEVILLE\automation studio\SFL4_Manitou_230503\Logical\Program\IEC.prg"
    LogicalPath="Program"
    Type="Program"
    LastWriteTime="133292356440697955" />
  <Object
    Path="C:\Users\loup.sonneville\Documents\Github\SN2_SFL4Manitou_23\Loup SONNEVILLE\automation studio\SFL4_Manitou_230503\Logical\Program\Cyclic.ld"
    LogicalPath="Program.Cyclic.ld"
    Type="File"
    LastWriteTime="133295645752539377"
    Private="false" />
  <Object
    Path="C:\Users\loup.sonneville\Documents\Github\SN2_SFL4Manitou_23\Loup SONNEVILLE\automation studio\SFL4_Manitou_230503\Logical\Program\Init.ld"
    LogicalPath="Program.Init.ld"
    Type="File"
    LastWriteTime="133295600178960837"
    Private="false" />
  <Object
    Path="C:\Users\loup.sonneville\Documents\Github\SN2_SFL4Manitou_23\Loup SONNEVILLE\automation studio\SFL4_Manitou_230503\Logical\Program\Exit.ld"
    LogicalPath="Program.Exit.ld"
    Type="File"
    LastWriteTime="133295600158127546"
    Private="false" />
  <Object
    Path="C:\Users\loup.sonneville\Documents\Github\SN2_SFL4Manitou_23\Loup SONNEVILLE\automation studio\SFL4_Manitou_230503\Logical\Program\Types.typ"
    LogicalPath="Program.Types.typ"
    Type="File"
    LastWriteTime="133292356440541720"
    Private="true" />
  <Object
    Path="C:\Users\loup.sonneville\Documents\Github\SN2_SFL4Manitou_23\Loup SONNEVILLE\automation studio\SFL4_Manitou_230503\Logical\Program\Variables.var"
    LogicalPath="Program.Variables.var"
    Type="File"
    LastWriteTime="133295646113338968"
    Private="true" />
  <Object
    Path="C:\Users\loup.sonneville\Documents\Github\SN2_SFL4Manitou_23\Loup SONNEVILLE\automation studio\SFL4_Manitou_230503\Physical\Config1\Config.pkg"
    LogicalPath="Config1"
    Type="Configuration.ParentUnknown"
    LastWriteTime="133295592321438880" />
  <Object
    Path="C:\Users\loup.sonneville\Documents\Github\SN2_SFL4Manitou_23\Loup SONNEVILLE\automation studio\SFL4_Manitou_230503\Physical\Config1\Hardware.hw"
    LogicalPath="Config1.Hardware.hw"
    Type="File"
    LastWriteTime="133295643188756622"
    Private="false" />
  <Object
    Path="C:\Users\loup.sonneville\Documents\Github\SN2_SFL4Manitou_23\Loup SONNEVILLE\automation studio\SFL4_Manitou_230503\Physical\Config1\Hardware.hwl"
    LogicalPath="Config1.Hardware.hwl"
    Type="File"
    LastWriteTime="133294988348781346"
    Private="false" />
  <Object
    Path="C:\Users\loup.sonneville\Documents\Github\SN2_SFL4Manitou_23\Loup SONNEVILLE\automation studio\SFL4_Manitou_230503\Physical\Config1\4PPC70_0702_20B\Cpu.pkg"
    LogicalPath="Config1.4PPC70_0702_20B"
    Type="Cpu"
    LastWriteTime="133295592328379387" />
  <Object
    Path="C:\Users\loup.sonneville\Documents\Github\SN2_SFL4Manitou_23\Loup SONNEVILLE\automation studio\SFL4_Manitou_230503\Physical\Config1\4PPC70_0702_20B\Cpu.sw"
    LogicalPath="Config1.4PPC70_0702_20B.Cpu.sw"
    Type="File"
    LastWriteTime="133292356468458708"
    Private="false" />
  <Object
    Path="C:\Users\loup.sonneville\Documents\Github\SN2_SFL4Manitou_23\Loup SONNEVILLE\automation studio\SFL4_Manitou_230503\Physical\Config1\4PPC70_0702_20B\Cpu.per"
    LogicalPath="Config1.4PPC70_0702_20B.Cpu.per"
    Type="File"
    LastWriteTime="133275893998581129"
    Private="false" />
  <Object
    Path="C:\Users\loup.sonneville\Documents\Github\SN2_SFL4Manitou_23\Loup SONNEVILLE\automation studio\SFL4_Manitou_230503\Physical\Config1\4PPC70_0702_20B\IoMap.iom"
    LogicalPath="Config1.4PPC70_0702_20B.IoMap.iom"
    Type="File"
    LastWriteTime="133275893998737391"
    Private="false" />
  <Object
    Path="C:\Users\loup.sonneville\Documents\Github\SN2_SFL4Manitou_23\Loup SONNEVILLE\automation studio\SFL4_Manitou_230503\Physical\Config1\4PPC70_0702_20B\PvMap.vvm"
    LogicalPath="Config1.4PPC70_0702_20B.PvMap.vvm"
    Type="File"
    LastWriteTime="133275893998737391"
    Private="false" />
  <Object
    Path="C:\Users\loup.sonneville\Documents\Github\SN2_SFL4Manitou_23\Loup SONNEVILLE\automation studio\SFL4_Manitou_230503\Physical\Config1\4PPC70_0702_20B\Connectivity\Package.pkg"
    LogicalPath="Config1.4PPC70_0702_20B.Connectivity"
    Type="Package"
    LastWriteTime="133275893999427460" />
  <Object
    Path="C:\Users\loup.sonneville\Documents\Github\SN2_SFL4Manitou_23\Loup SONNEVILLE\automation studio\SFL4_Manitou_230503\Physical\Config1\4PPC70_0702_20B\Connectivity\OpcUA\Package.pkg"
    LogicalPath="Config1.4PPC70_0702_20B.Connectivity.OpcUA"
    Type="Package"
    LastWriteTime="133275893999427460" />
  <Object
    Path="C:\Users\loup.sonneville\Documents\Github\SN2_SFL4Manitou_23\Loup SONNEVILLE\automation studio\SFL4_Manitou_230503\Physical\Config1\4PPC70_0702_20B\TextSystem\Package.pkg"
    LogicalPath="Config1.4PPC70_0702_20B.TextSystem"
    Type="Package"
    LastWriteTime="133275893999583702" />
  <Object
    Path="C:\Users\loup.sonneville\Documents\Github\SN2_SFL4Manitou_23\Loup SONNEVILLE\automation studio\SFL4_Manitou_230503\Physical\Config1\4PPC70_0702_20B\UnitSystem\Package.pkg"
    LogicalPath="Config1.4PPC70_0702_20B.UnitSystem"
    Type="Package"
    LastWriteTime="133275893999739946" />
  <Object
    Path="C:\Users\loup.sonneville\Documents\Github\SN2_SFL4Manitou_23\Loup SONNEVILLE\automation studio\SFL4_Manitou_230503\Physical\Config1\4PPC70_0702_20B\AccessAndSecurity\Package.pkg"
    LogicalPath="Config1.4PPC70_0702_20B.AccessAndSecurity"
    Type="Package"
    LastWriteTime="133275894001588835" />
  <Object
    Path="C:\Users\loup.sonneville\Documents\Github\SN2_SFL4Manitou_23\Loup SONNEVILLE\automation studio\SFL4_Manitou_230503\Physical\Config1\4PPC70_0702_20B\AccessAndSecurity\UserRoleSystem\Package.pkg"
    LogicalPath="Config1.4PPC70_0702_20B.AccessAndSecurity.UserRoleSystem"
    Type="Package"
    LastWriteTime="133275894000273778" />
  <Object
    Path="C:\Users\loup.sonneville\Documents\Github\SN2_SFL4Manitou_23\Loup SONNEVILLE\automation studio\SFL4_Manitou_230503\Physical\Config1\4PPC70_0702_20B\AccessAndSecurity\UserRoleSystem\Role.role"
    LogicalPath="Config1.4PPC70_0702_20B.AccessAndSecurity.UserRoleSystem.Role.role"
    Type="File"
    LastWriteTime="133275894000117465"
    Private="false" />
  <Object
    Path="C:\Users\loup.sonneville\Documents\Github\SN2_SFL4Manitou_23\Loup SONNEVILLE\automation studio\SFL4_Manitou_230503\Physical\Config1\4PPC70_0702_20B\AccessAndSecurity\UserRoleSystem\User.user"
    LogicalPath="Config1.4PPC70_0702_20B.AccessAndSecurity.UserRoleSystem.User.user"
    Type="File"
    LastWriteTime="133275894000273778"
    Private="false" />
  <Object
    Path="C:\Users\loup.sonneville\Documents\Github\SN2_SFL4Manitou_23\Loup SONNEVILLE\automation studio\SFL4_Manitou_230503\Physical\Config1\4PPC70_0702_20B\AccessAndSecurity\CertificateStore\Package.pkg"
    LogicalPath="Config1.4PPC70_0702_20B.AccessAndSecurity.CertificateStore"
    Type="Package"
    LastWriteTime="133275894001276335" />
  <Object
    Path="C:\Users\loup.sonneville\Documents\Github\SN2_SFL4Manitou_23\Loup SONNEVILLE\automation studio\SFL4_Manitou_230503\Physical\Config1\4PPC70_0702_20B\AccessAndSecurity\CertificateStore\OwnCertificates\Package.pkg"
    LogicalPath="Config1.4PPC70_0702_20B.AccessAndSecurity.CertificateStore.OwnCertificates"
    Type="Package"
    LastWriteTime="133275894000742513" />
  <Object
    Path="C:\Users\loup.sonneville\Documents\Github\SN2_SFL4Manitou_23\Loup SONNEVILLE\automation studio\SFL4_Manitou_230503\Physical\Config1\4PPC70_0702_20B\AccessAndSecurity\CertificateStore\OwnCertificates\Certificates\Package.pkg"
    LogicalPath="Config1.4PPC70_0702_20B.AccessAndSecurity.CertificateStore.OwnCertificates.Certificates"
    Type="Package"
    LastWriteTime="133275894000586262" />
  <Object
    Path="C:\Users\loup.sonneville\Documents\Github\SN2_SFL4Manitou_23\Loup SONNEVILLE\automation studio\SFL4_Manitou_230503\Physical\Config1\4PPC70_0702_20B\AccessAndSecurity\CertificateStore\OwnCertificates\PrivateKeys\Package.pkg"
    LogicalPath="Config1.4PPC70_0702_20B.AccessAndSecurity.CertificateStore.OwnCertificates.PrivateKeys"
    Type="Package"
    LastWriteTime="133275894000742513" />
  <Object
    Path="C:\Users\loup.sonneville\Documents\Github\SN2_SFL4Manitou_23\Loup SONNEVILLE\automation studio\SFL4_Manitou_230503\Physical\Config1\4PPC70_0702_20B\AccessAndSecurity\CertificateStore\ThirdPartyCertificates\Package.pkg"
    LogicalPath="Config1.4PPC70_0702_20B.AccessAndSecurity.CertificateStore.ThirdPartyCertificates"
    Type="Package"
    LastWriteTime="133275894001054983" />
  <Object
    Path="C:\Users\loup.sonneville\Documents\Github\SN2_SFL4Manitou_23\Loup SONNEVILLE\automation studio\SFL4_Manitou_230503\Physical\Config1\4PPC70_0702_20B\AccessAndSecurity\CertificateStore\ThirdPartyCertificates\SoftwareCertificates\Package.pkg"
    LogicalPath="Config1.4PPC70_0702_20B.AccessAndSecurity.CertificateStore.ThirdPartyCertificates.SoftwareCertificates"
    Type="Package"
    LastWriteTime="133275894000898739" />
  <Object
    Path="C:\Users\loup.sonneville\Documents\Github\SN2_SFL4Manitou_23\Loup SONNEVILLE\automation studio\SFL4_Manitou_230503\Physical\Config1\4PPC70_0702_20B\AccessAndSecurity\CertificateStore\CertificateRevocationLists\Package.pkg"
    LogicalPath="Config1.4PPC70_0702_20B.AccessAndSecurity.CertificateStore.CertificateRevocationLists"
    Type="Package"
    LastWriteTime="133275894001120040" />
  <Object
    Path="C:\Users\loup.sonneville\Documents\Github\SN2_SFL4Manitou_23\Loup SONNEVILLE\automation studio\SFL4_Manitou_230503\Physical\Config1\4PPC70_0702_20B\AccessAndSecurity\CertificateStore\CertificateSigningRequests\Package.pkg"
    LogicalPath="Config1.4PPC70_0702_20B.AccessAndSecurity.CertificateStore.CertificateSigningRequests"
    Type="Package"
    LastWriteTime="133275894001276335" />
  <Object
    Path="C:\Users\loup.sonneville\Documents\Github\SN2_SFL4Manitou_23\Loup SONNEVILLE\automation studio\SFL4_Manitou_230503\Physical\Config1\4PPC70_0702_20B\AccessAndSecurity\TransportLayerSecurity\Package.pkg"
    LogicalPath="Config1.4PPC70_0702_20B.AccessAndSecurity.TransportLayerSecurity"
    Type="Package"
    LastWriteTime="133275894001432582" />
  <Object
    Path="C:\Users\loup.sonneville\Documents\Github\SN2_SFL4Manitou_23\Loup SONNEVILLE\automation studio\SFL4_Manitou_230503\Physical\Config1\4PPC70_0702_20B\AccessAndSecurity\Firewall\Package.pkg"
    LogicalPath="Config1.4PPC70_0702_20B.AccessAndSecurity.Firewall"
    Type="Package"
    LastWriteTime="133275894001588835" />
  <Object
    Path="C:\Users\loup.sonneville\Documents\Github\SN2_SFL4Manitou_23\Loup SONNEVILLE\automation studio\SFL4_Manitou_230503\Physical\Config1\4PPC70_0702_20B\AccessAndSecurity\Firewall\Rules.firewallRules"
    LogicalPath="Config1.4PPC70_0702_20B.AccessAndSecurity.Firewall.Rules.firewallRules"
    Type="File"
    LastWriteTime="133275894001588835"
    Private="false" />
  <Object
    Path="C:\Users\loup.sonneville\Documents\Github\SN2_SFL4Manitou_23\Loup SONNEVILLE\automation studio\SFL4_Manitou_230503\Physical\Config1\4PPC70_0702_20B\mappControl\Package.pkg"
    LogicalPath="Config1.4PPC70_0702_20B.mappControl"
    Type="Package"
    LastWriteTime="133275894001745072" />
  <Object
    Path="C:\Users\loup.sonneville\Documents\Github\SN2_SFL4Manitou_23\Loup SONNEVILLE\automation studio\SFL4_Manitou_230503\Physical\Config1\4PPC70_0702_20B\mappMotion\Package.pkg"
    LogicalPath="Config1.4PPC70_0702_20B.mappMotion"
    Type="Package"
    LastWriteTime="133275894001901309" />
  <Object
    Path="C:\Users\loup.sonneville\Documents\Github\SN2_SFL4Manitou_23\Loup SONNEVILLE\automation studio\SFL4_Manitou_230503\Physical\Config1\4PPC70_0702_20B\mappServices\Package.pkg"
    LogicalPath="Config1.4PPC70_0702_20B.mappServices"
    Type="Package"
    LastWriteTime="133275896582363679" />
  <Object
    Path="C:\Users\loup.sonneville\Documents\Github\SN2_SFL4Manitou_23\Loup SONNEVILLE\automation studio\SFL4_Manitou_230503\Physical\Config1\4PPC70_0702_20B\mappServices\Config.mpdatabasecore"
    LogicalPath="Config1.4PPC70_0702_20B.mappServices.Config.mpdatabasecore"
    Type="File"
    LastWriteTime="133295664449618447"
    Private="false" />
  <Object
    Path="C:\Users\loup.sonneville\Documents\Github\SN2_SFL4Manitou_23\Loup SONNEVILLE\automation studio\SFL4_Manitou_230503\Physical\Config1\4PPC70_0702_20B\mappSafety\Package.pkg"
    LogicalPath="Config1.4PPC70_0702_20B.mappSafety"
    Type="Package"
    LastWriteTime="133275894002591395" />
  <Object
    Path="C:\Users\loup.sonneville\Documents\Github\SN2_SFL4Manitou_23\Loup SONNEVILLE\automation studio\SFL4_Manitou_230503\Physical\Config1\4PPC70_0702_20B\mappSafety\SafeApplication\Package.pkg"
    LogicalPath="Config1.4PPC70_0702_20B.mappSafety.SafeApplication"
    Type="Package"
    LastWriteTime="133275894002435155" />
  <Object
    Path="C:\Users\loup.sonneville\Documents\Github\SN2_SFL4Manitou_23\Loup SONNEVILLE\automation studio\SFL4_Manitou_230503\Physical\Config1\4PPC70_0702_20B\mappSafety\SafeCommissioning\Package.pkg"
    LogicalPath="Config1.4PPC70_0702_20B.mappSafety.SafeCommissioning"
    Type="Package"
    LastWriteTime="133275894002435155" />
  <Object
    Path="C:\Users\loup.sonneville\Documents\Github\SN2_SFL4Manitou_23\Loup SONNEVILLE\automation studio\SFL4_Manitou_230503\Physical\Config1\4PPC70_0702_20B\mappView\Package.pkg"
    LogicalPath="Config1.4PPC70_0702_20B.mappView"
    Type="Package"
    LastWriteTime="133275894002747638" />
  <Object
    Path="C:\Users\loup.sonneville\Documents\Github\SN2_SFL4Manitou_23\Loup SONNEVILLE\automation studio\SFL4_Manitou_230503\Physical\Config1\4PPC70_0702_20B\mappVision\Package.pkg"
    LogicalPath="Config1.4PPC70_0702_20B.mappVision"
    Type="Package"
    LastWriteTime="133275894002903891" />
  <Object
    Path="C:\Users\loup.sonneville\Documents\Github\SN2_SFL4Manitou_23\Loup SONNEVILLE\automation studio\SFL4_Manitou_230503\Physical\Config1\4PPC70_0702_20B\mappCockpit\Package.pkg"
    LogicalPath="Config1.4PPC70_0702_20B.mappCockpit"
    Type="Package"
    LastWriteTime="133275894003060128" />
  <Object
    Path="C:\Users\loup.sonneville\Documents\Github\SN2_SFL4Manitou_23\Loup SONNEVILLE\automation studio\SFL4_Manitou_230503\Physical\Config1\4PPC70_0702_20B\VC\Package.pkg"
    LogicalPath="Config1.4PPC70_0702_20B.VC"
    Type="Package"
    LastWriteTime="133295592334010385" />
  <Object
    Path="C:\Users\loup.sonneville\Documents\Github\SN2_SFL4Manitou_23\Loup SONNEVILLE\automation studio\SFL4_Manitou_230503\Physical\Config1\4PPC70_0702_20B\VC\4PPC70_0702_20B.dis"
    LogicalPath="Config1.4PPC70_0702_20B.VC.4PPC70_0702_20B.dis"
    Type="File"
    LastWriteTime="133295592336584012"
    Private="false" />
  <Object
    Path="C:\Users\loup.sonneville\Documents\Github\SN2_SFL4Manitou_23\Loup SONNEVILLE\automation studio\SFL4_Manitou_230503\Physical\Config1\Hardware.jpg"
    LogicalPath="Config1.Hardware.jpg"
    Type="File"
    LastWriteTime="133294988349158985"
    Private="false" />
</Objects>